[    0.000000] Linux version 4.19.0-rc8-next-20181016 (root@kamashis) (gcc version 7.2.0 (GCC)) #1 SMP Tue Oct 16 12:18:05 SAST 2018
[    0.000000] Command line: BOOT_IMAGE=/vmlinuz-4.19.0-linux-next root=/dev/sda2 ro
[    0.000000] x86/fpu: Supporting XSAVE feature 0x001: 'x87 floating point registers'
[    0.000000] x86/fpu: Supporting XSAVE feature 0x002: 'SSE registers'
[    0.000000] x86/fpu: Supporting XSAVE feature 0x004: 'AVX registers'
[    0.000000] x86/fpu: xstate_offset[2]:  576, xstate_sizes[2]:  256
[    0.000000] x86/fpu: Enabled xstate features 0x7, context size is 832 bytes, using 'standard' format.
[    0.000000] BIOS-provided physical RAM map:
[    0.000000] BIOS-e820: [mem 0x0000000000000000-0x000000000009fbff] usable
[    0.000000] BIOS-e820: [mem 0x000000000009fc00-0x000000000009ffff] reserved
[    0.000000] BIOS-e820: [mem 0x00000000000f0000-0x00000000000fffff] reserved
[    0.000000] BIOS-e820: [mem 0x0000000000100000-0x00000000c0aeffff] usable
[    0.000000] BIOS-e820: [mem 0x00000000c0af0000-0x00000000c0afffff] ACPI data
[    0.000000] BIOS-e820: [mem 0x00000000fec00000-0x00000000fec00fff] reserved
[    0.000000] BIOS-e820: [mem 0x00000000fee00000-0x00000000fee00fff] reserved
[    0.000000] BIOS-e820: [mem 0x00000000fffc0000-0x00000000ffffffff] reserved
[    0.000000] NX (Execute Disable) protection: active
[    0.000000] SMBIOS 2.5 present.
[    0.000000] DMI: innotek GmbH VirtualBox/VirtualBox, BIOS VirtualBox 12/01/2006
[    0.000000] tsc: Fast TSC calibration using PIT
[    0.000000] tsc: Detected 2793.342 MHz processor
[    0.002646] e820: update [mem 0x00000000-0x00000fff] usable ==> reserved
[    0.002648] e820: remove [mem 0x000a0000-0x000fffff] usable
[    0.002650] last_pfn = 0xc0af0 max_arch_pfn = 0x400000000
[    0.002660] MTRR default type: uncachable
[    0.002660] MTRR variable ranges disabled:
[    0.002660] Disabled
[    0.002661] x86/PAT: MTRRs disabled, skipping PAT initialization too.
[    0.002664] CPU MTRRs all blank - virtualized system.
[    0.002666] x86/PAT: Configuration [0-7]: WB  WT  UC- UC  WB  WT  UC- UC  
[    0.002716] found SMP MP-table at [mem 0x0009fff0-0x0009ffff] mapped at [(____ptrval____)]
[    0.002730] check: Scanning 1 areas for low memory corruption
[    0.002732] Base memory trampoline at [(____ptrval____)] 99000 size 24576
[    0.002769] BRK [0x4ee01000, 0x4ee01fff] PGTABLE
[    0.002771] BRK [0x4ee02000, 0x4ee02fff] PGTABLE
[    0.002771] BRK [0x4ee03000, 0x4ee03fff] PGTABLE
[    0.002784] BRK [0x4ee04000, 0x4ee04fff] PGTABLE
[    0.002785] BRK [0x4ee05000, 0x4ee05fff] PGTABLE
[    0.002820] BRK [0x4ee06000, 0x4ee06fff] PGTABLE
[    0.002859] BRK [0x4ee07000, 0x4ee07fff] PGTABLE
[    0.002883] ACPI: Early table checksum verification disabled
[    0.002899] ACPI: RSDP 0x00000000000E0000 000024 (v02 VBOX  )
[    0.002902] ACPI: XSDT 0x00000000C0AF0030 00003C (v01 VBOX   VBOXXSDT 00000001 ASL  00000061)
[    0.002906] ACPI: FACP 0x00000000C0AF00F0 0000F4 (v04 VBOX   VBOXFACP 00000001 ASL  00000061)
[    0.002910] ACPI: DSDT 0x00000000C0AF0470 0021FF (v02 VBOX   VBOXBIOS 00000002 INTL 20100528)
[    0.002913] ACPI: FACS 0x00000000C0AF0200 000040
[    0.002915] ACPI: FACS 0x00000000C0AF0200 000040
[    0.002917] ACPI: APIC 0x00000000C0AF0240 000054 (v02 VBOX   VBOXAPIC 00000001 ASL  00000061)
[    0.002920] ACPI: SSDT 0x00000000C0AF02A0 0001CC (v01 VBOX   VBOXCPUT 00000002 INTL 20100528)
[    0.002926] ACPI: Local APIC address 0xfee00000
[    0.003138] No NUMA configuration found
[    0.003139] Faking a node at [mem 0x0000000000000000-0x00000000c0aeffff]
[    0.003141] NODE_DATA(0) allocated [mem 0xc0aec000-0xc0aeffff]
[    0.003152] Zone ranges:
[    0.003153]   DMA      [mem 0x0000000000001000-0x0000000000ffffff]
[    0.003154]   DMA32    [mem 0x0000000001000000-0x00000000c0aeffff]
[    0.003155]   Normal   empty
[    0.003155] Movable zone start for each node
[    0.003156] Early memory node ranges
[    0.003157]   node   0: [mem 0x0000000000001000-0x000000000009efff]
[    0.003158]   node   0: [mem 0x0000000000100000-0x00000000c0aeffff]
[    0.003451] Zeroed struct page in unavailable ranges: 98 pages
[    0.003452] Initmem setup node 0 [mem 0x0000000000001000-0x00000000c0aeffff]
[    0.003454] On node 0 totalpages: 789134
[    0.003454]   DMA zone: 64 pages used for memmap
[    0.003455]   DMA zone: 21 pages reserved
[    0.003455]   DMA zone: 3998 pages, LIFO batch:0
[    0.003519]   DMA32 zone: 12268 pages used for memmap
[    0.003520]   DMA32 zone: 785136 pages, LIFO batch:63
[    0.022451] ACPI: PM-Timer IO Port: 0x4008
[    0.022454] ACPI: Local APIC address 0xfee00000
[    0.022497] IOAPIC[0]: apic_id 1, version 32, address 0xfec00000, GSI 0-23
[    0.022500] ACPI: INT_SRC_OVR (bus 0 bus_irq 0 global_irq 2 dfl dfl)
[    0.022501] ACPI: INT_SRC_OVR (bus 0 bus_irq 9 global_irq 9 low level)
[    0.022502] ACPI: IRQ0 used by override.
[    0.022503] ACPI: IRQ9 used by override.
[    0.022505] Using ACPI (MADT) for SMP configuration information
[    0.022509] smpboot: Allowing 1 CPUs, 0 hotplug CPUs
[    0.022517] PM: Registered nosave memory: [mem 0x00000000-0x00000fff]
[    0.022519] PM: Registered nosave memory: [mem 0x0009f000-0x0009ffff]
[    0.022519] PM: Registered nosave memory: [mem 0x000a0000-0x000effff]
[    0.022520] PM: Registered nosave memory: [mem 0x000f0000-0x000fffff]
[    0.022521] [mem 0xc0b00000-0xfebfffff] available for PCI devices
[    0.022523] clocksource: refined-jiffies: mask: 0xffffffff max_cycles: 0xffffffff, max_idle_ns: 1910969940391419 ns
[    0.104124] random: get_random_bytes called from start_kernel+0x8b/0x486 with crng_init=0
[    0.104133] setup_percpu: NR_CPUS:64 nr_cpumask_bits:64 nr_cpu_ids:1 nr_node_ids:1
[    0.104529] percpu: Embedded 43 pages/cpu @(____ptrval____) s138008 r8192 d29928 u2097152
[    0.104533] pcpu-alloc: s138008 r8192 d29928 u2097152 alloc=1*2097152
[    0.104534] pcpu-alloc: [0] 0 
[    0.104546] Built 1 zonelists, mobility grouping on.  Total pages: 776781
[    0.104547] Policy zone: DMA32
[    0.104548] Kernel command line: BOOT_IMAGE=/vmlinuz-4.19.0-linux-next root=/dev/sda2 ro
[    0.104613] Calgary: detecting Calgary via BIOS EBDA area
[    0.104614] Calgary: Unable to locate Rio Grande table in EBDA - bailing!
[    0.110638] Memory: 3078332K/3156536K available (12293K kernel code, 1270K rwdata, 3116K rodata, 1248K init, 1524K bss, 78204K reserved, 0K cma-reserved)
[    0.110970] SLUB: HWalign=64, Order=0-3, MinObjects=0, CPUs=1, Nodes=1
[    0.110974] Kernel/User page tables isolation: enabled
[    0.111349] rcu: Hierarchical RCU implementation.
[    0.111350] rcu: 	RCU event tracing is enabled.
[    0.111351] rcu: 	RCU restricting CPUs from NR_CPUS=64 to nr_cpu_ids=1.
[    0.111352] rcu: RCU calculated value of scheduler-enlistment delay is 100 jiffies.
[    0.111352] rcu: Adjusting geometry for rcu_fanout_leaf=16, nr_cpu_ids=1
[    0.111459] NR_IRQS: 4352, nr_irqs: 256, preallocated irqs: 16
[    0.119734] Console: colour VGA+ 80x25
[    0.155010] printk: console [tty0] enabled
[    0.155398] ACPI: Core revision 20181003
[    0.155893] APIC: Switch to symmetric I/O mode setup
[    0.157284] ..TIMER: vector=0x30 apic1=0 pin1=2 apic2=-1 pin2=-1
[    0.161912] clocksource: tsc-early: mask: 0xffffffffffffffff max_cycles: 0x2843af370b5, max_idle_ns: 440795343276 ns
[    0.162633] Calibrating delay loop (skipped), value calculated using timer frequency.. 5586.68 BogoMIPS (lpj=2793342)
[    0.163728] pid_max: default: 32768 minimum: 301
[    0.164630] LSM: Security Framework initializing
[    0.165020] SELinux:  Initializing.
[    0.165387] *** VALIDATE SELinux ***
[    0.166668] Dentry cache hash table entries: 524288 (order: 10, 4194304 bytes)
[    0.167613] Inode-cache hash table entries: 262144 (order: 9, 2097152 bytes)
[    0.167625] Mount-cache hash table entries: 8192 (order: 4, 65536 bytes)
[    0.168071] Mountpoint-cache hash table entries: 8192 (order: 4, 65536 bytes)
[    0.168956] *** VALIDATE proc ***
[    0.169632] *** VALIDATE cgroup1 ***
[    0.170000] *** VALIDATE cgroup2 ***
[    0.170433] mce: CPU supports 0 MCE banks
[    0.170624] process: using mwait in idle threads
[    0.171016] Last level iTLB entries: 4KB 128, 2MB 8, 4MB 8
[    0.171614] Last level dTLB entries: 4KB 64, 2MB 0, 4MB 0, 1GB 4
[    0.172050] Spectre V2 : Vulnerable: Minimal generic ASM retpoline
[    0.172477] Spectre V2 : Spectre v2 / SpectreRSB mitigation: Filling RSB on context switch
[    0.172614] Speculative Store Bypass: Vulnerable
[    0.187818] Freeing SMP alternatives memory: 40K
[    0.189613] smpboot: CPU0: Intel(R) Core(TM) i5-5575R CPU @ 2.80GHz (family: 0x6, model: 0x47, stepping: 0x1)
[    0.189613] Performance Events: unsupported p6 CPU model 71 no PMU driver, software events only.
[    0.189645] rcu: Hierarchical SRCU implementation.
[    0.190100] smp: Bringing up secondary CPUs ...
[    0.190615] smp: Brought up 1 node, 1 CPU
[    0.190967] smpboot: Max logical packages: 1
[    0.191615] smpboot: Total of 1 processors activated (5586.68 BogoMIPS)
[    0.192182] devtmpfs: initialized
[    0.192613] clocksource: jiffies: mask: 0xffffffff max_cycles: 0xffffffff, max_idle_ns: 1911260446275000 ns
[    0.192618] futex hash table entries: 256 (order: 2, 16384 bytes)
[    0.193058] RTC time: 11:37:24, date: 10/16/18
[    0.193650] kworker/u2:0 (16) used greatest stack depth: 14600 bytes left
[    0.194131] NET: Registered protocol family 16
[    0.194656] audit: initializing netlink subsys (disabled)
[    0.195181] cpuidle: using governor menu
[    0.195630] audit: type=2000 audit(1539689843.038:1): state=initialized audit_enabled=0 res=1
[    0.196185] kworker/u2:1 (24) used greatest stack depth: 14168 bytes left
[    0.196700] ACPI: bus type PCI registered
[    0.197167] PCI: Using configuration type 1 for base access
[    0.205943] HugeTLB registered 2.00 MiB page size, pre-allocated 0 pages
[    0.206466] ACPI: Added _OSI(Module Device)
[    0.206613] ACPI: Added _OSI(Processor Device)
[    0.206951] ACPI: Added _OSI(3.0 _SCP Extensions)
[    0.207324] ACPI: Added _OSI(Processor Aggregator Device)
[    0.207968] ACPI: Added _OSI(Linux-Dell-Video)
[    0.208657] ACPI: Added _OSI(Linux-Lenovo-NV-HDMI-Audio)
[    0.209860] ACPI: 2 ACPI AML tables successfully acquired and loaded
[    0.212070] ACPI: Interpreter enabled
[    0.212420] ACPI: (supports S0 S5)
[    0.212622] ACPI: Using IOAPIC for interrupt routing
[    0.213132] PCI: Using host bridge windows from ACPI; if necessary, use "pci=nocrs" and report a bug
[    0.213722] ACPI: Enabled 2 GPEs in block 00 to 07
[    0.218245] ACPI: PCI Root Bridge [PCI0] (domain 0000 [bus 00-ff])
[    0.218632] acpi PNP0A03:00: _OSC: OS supports [ASPM ClockPM Segments MSI]
[    0.219081] acpi PNP0A03:00: _OSC: not requesting OS control; OS requires [ExtendedConfig ASPM ClockPM MSI]
[    0.220650] acpi PNP0A03:00: fail to add MMCONFIG information, can't access extended PCI configuration space under this bridge.
[    0.221443] PCI host bridge to bus 0000:00
[    0.221624] pci_bus 0000:00: root bus resource [io  0x0000-0x0cf7 window]
[    0.222048] pci_bus 0000:00: root bus resource [io  0x0d00-0xffff window]
[    0.222488] pci_bus 0000:00: root bus resource [mem 0x000a0000-0x000bffff window]
[    0.222623] pci_bus 0000:00: root bus resource [mem 0xc0b00000-0xfdffffff window]
[    0.223121] pci_bus 0000:00: root bus resource [bus 00-ff]
[    0.223691] pci 0000:00:00.0: [8086:1237] type 00 class 0x060000
[    0.224841] pci 0000:00:01.0: [8086:7000] type 00 class 0x060100
[    0.225946] pci 0000:00:01.1: [8086:7111] type 00 class 0x01018a
[    0.226619] pci 0000:00:01.1: reg 0x20: [io  0xd000-0xd00f]
[    0.226894] pci 0000:00:01.1: legacy IDE quirk: reg 0x10: [io  0x01f0-0x01f7]
[    0.227324] pci 0000:00:01.1: legacy IDE quirk: reg 0x14: [io  0x03f6]
[    0.227617] pci 0000:00:01.1: legacy IDE quirk: reg 0x18: [io  0x0170-0x0177]
[    0.228152] pci 0000:00:01.1: legacy IDE quirk: reg 0x1c: [io  0x0376]
[    0.228993] pci 0000:00:02.0: [80ee:beef] type 00 class 0x030000
[    0.230653] pci 0000:00:02.0: reg 0x10: [mem 0xe0000000-0xe0ffffff pref]
[    0.239056] pci 0000:00:03.0: [8086:100e] type 00 class 0x020000
[    0.240340] pci 0000:00:03.0: reg 0x10: [mem 0xf0000000-0xf001ffff]
[    0.242774] pci 0000:00:03.0: reg 0x18: [io  0xd010-0xd017]
[    0.249153] pci 0000:00:04.0: [80ee:cafe] type 00 class 0x088000
[    0.249771] pci 0000:00:04.0: reg 0x10: [io  0xd020-0xd03f]
[    0.251043] pci 0000:00:04.0: reg 0x14: [mem 0xf0400000-0xf07fffff]
[    0.252159] pci 0000:00:04.0: reg 0x18: [mem 0xf0800000-0xf0803fff pref]
[    0.256973] pci 0000:00:05.0: [8086:2415] type 00 class 0x040100
[    0.257187] pci 0000:00:05.0: reg 0x10: [io  0xd100-0xd1ff]
[    0.257308] pci 0000:00:05.0: reg 0x14: [io  0xd200-0xd23f]
[    0.258266] pci 0000:00:06.0: [106b:003f] type 00 class 0x0c0310
[    0.259231] pci 0000:00:06.0: reg 0x10: [mem 0xf0804000-0xf0804fff]
[    0.266731] pci 0000:00:07.0: [8086:7113] type 00 class 0x068000
[    0.267325] pci 0000:00:07.0: quirk: [io  0x4000-0x403f] claimed by PIIX4 ACPI
[    0.267613] pci 0000:00:07.0: quirk: [io  0x4100-0x410f] claimed by PIIX4 SMB
[    0.269529] ACPI: PCI Interrupt Link [LNKA] (IRQs 5 9 10 *11)
[    0.269834] ACPI: PCI Interrupt Link [LNKB] (IRQs 5 9 *10 11)
[    0.270688] ACPI: PCI Interrupt Link [LNKC] (IRQs 5 *9 10 11)
[    0.271257] ACPI: PCI Interrupt Link [LNKD] (IRQs 5 9 10 *11)
[    0.271842] pci 0000:00:02.0: vgaarb: setting as boot VGA device
[    0.272327] pci 0000:00:02.0: vgaarb: VGA device added: decodes=io+mem,owns=io+mem,locks=none
[    0.272613] pci 0000:00:02.0: vgaarb: bridge control possible
[    0.273615] vgaarb: loaded
[    0.274068] SCSI subsystem initialized
[    0.274480] libata version 3.00 loaded.
[    0.274546] ACPI: bus type USB registered
[    0.274668] usbcore: registered new interface driver usbfs
[    0.275074] usbcore: registered new interface driver hub
[    0.275631] usbcore: registered new device driver usb
[    0.276070] pps_core: LinuxPPS API ver. 1 registered
[    0.276469] pps_core: Software ver. 5.3.6 - Copyright 2005-2007 Rodolfo Giometti <giometti@linux.it>
[    0.276634] PTP clock support registered
[    0.277858] EDAC MC: Ver: 3.0.0
[    0.278693] Advanced Linux Sound Architecture Driver Initialized.
[    0.279141] PCI: Using ACPI for IRQ routing
[    0.279505] PCI: pci_cache_line_size set to 64 bytes
[    0.279781] e820: reserve RAM buffer [mem 0x0009fc00-0x0009ffff]
[    0.279786] e820: reserve RAM buffer [mem 0xc0af0000-0xc3ffffff]
[    0.279923] NetLabel: Initializing
[    0.280316] NetLabel:  domain hash size = 128
[    0.280621] NetLabel:  protocols = UNLABELED CIPSOv4 CALIPSO
[    0.281753] NetLabel:  unlabeled traffic allowed by default
[    0.282233] clocksource: Switched to clocksource tsc-early
[    0.289435] VFS: Disk quotas dquot_6.6.0
[    0.289802] VFS: Dquot-cache hash table entries: 512 (order 0, 4096 bytes)
[    0.290252] *** VALIDATE hugetlbfs ***
[    0.290627] pnp: PnP ACPI init
[    0.291026] pnp 00:00: Plug and Play ACPI device, IDs PNP0303 (active)
[    0.291099] pnp 00:01: Plug and Play ACPI device, IDs PNP0f03 (active)
[    0.291873] pnp: PnP ACPI: found 2 devices
[    0.298572] clocksource: acpi_pm: mask: 0xffffff max_cycles: 0xffffff, max_idle_ns: 2085701024 ns
[    0.300382] pci_bus 0000:00: resource 4 [io  0x0000-0x0cf7 window]
[    0.300384] pci_bus 0000:00: resource 5 [io  0x0d00-0xffff window]
[    0.300385] pci_bus 0000:00: resource 6 [mem 0x000a0000-0x000bffff window]
[    0.300385] pci_bus 0000:00: resource 7 [mem 0xc0b00000-0xfdffffff window]
[    0.300411] NET: Registered protocol family 2
[    0.300411] tcp_listen_portaddr_hash hash table entries: 2048 (order: 3, 32768 bytes)
[    0.300890] TCP established hash table entries: 32768 (order: 6, 262144 bytes)
[    0.301467] TCP bind hash table entries: 32768 (order: 7, 524288 bytes)
[    0.301914] TCP: Hash tables configured (established 32768 bind 32768)
[    0.302363] UDP hash table entries: 2048 (order: 4, 65536 bytes)
[    0.302768] UDP-Lite hash table entries: 2048 (order: 4, 65536 bytes)
[    0.303659] NET: Registered protocol family 1
[    0.304049] RPC: Registered named UNIX socket transport module.
[    0.304450] RPC: Registered udp transport module.
[    0.304809] RPC: Registered tcp transport module.
[    0.305172] RPC: Registered tcp NFSv4.1 backchannel transport module.
[    0.305680] pci 0000:00:00.0: Limiting direct PCI/PCI transfers
[    0.306002] pci 0000:00:01.0: Activating ISA DMA hang workarounds
[    0.306468] pci 0000:00:02.0: Video device with shadowed ROM at [mem 0x000c0000-0x000dffff]
[    0.307884] PCI: CLS 0 bytes, default 64
[    0.307928] RAPL PMU: API unit is 2^-32 Joules, 4 fixed counters, 10737418240 ms ovfl timer
[    0.308507] RAPL PMU: hw unit of domain pp0-core 2^-0 Joules
[    0.308903] RAPL PMU: hw unit of domain package 2^-0 Joules
[    0.309294] RAPL PMU: hw unit of domain dram 2^-0 Joules
[    0.309671] RAPL PMU: hw unit of domain pp1-gpu 2^-0 Joules
[    0.310177] platform rtc_cmos: registered platform RTC device (no PNP device found)
[    0.310941] check: Scanning for low memory corruption every 60 seconds
[    0.311686] Initialise system trusted keyrings
[    0.312145] workingset: timestamp_bits=57 max_order=20 bucket_order=0
[    0.315685] NFS: Registering the id_resolver key type
[    0.316222] Key type id_resolver registered
[    0.316583] Key type id_legacy registered
[    0.317913] Key type asymmetric registered
[    0.318381] Asymmetric key parser 'x509' registered
[    0.318765] Block layer SCSI generic (bsg) driver version 0.4 loaded (major 251)
[    0.319158] io scheduler noop registered
[    0.319362] io scheduler deadline registered
[    0.319754] io scheduler cfq registered (default)
[    0.320024] io scheduler mq-deadline registered
[    0.320256] io scheduler kyber registered
[    0.321093] ACPI: AC Adapter [AC] (on-line)
[    0.321513] input: Power Button as /devices/LNXSYSTM:00/LNXPWRBN:00/input/input0
[    0.321997] ACPI: Power Button [PWRF]
[    0.322428] input: Sleep Button as /devices/LNXSYSTM:00/LNXSLPBN:00/input/input1
[    0.322969] ACPI: Sleep Button [SLPF]
[    0.323477] ACPI: Video Device [GFX0] (multi-head: yes  rom: no  post: no)
[    0.324685] input: Video Bus as /devices/LNXSYSTM:00/LNXSYBUS:00/PNP0A03:00/LNXVIDEO:00/input/input2
[    0.325271] Serial: 8250/16550 driver, 4 ports, IRQ sharing enabled
[    0.325951] Non-volatile memory driver v1.3
[    0.326286] Linux agpgart interface v0.103
[    0.328159] loop: module loaded
[    0.328825] ata_piix 0000:00:01.1: version 2.13
[    0.329234] scsi host0: ata_piix
[    0.329662] scsi host1: ata_piix
[    0.330016] ata1: PATA max UDMA/33 cmd 0x1f0 ctl 0x3f6 bmdma 0xd000 irq 14
[    0.330439] ata2: PATA max UDMA/33 cmd 0x170 ctl 0x376 bmdma 0xd008 irq 15
[    0.330936] e100: Intel(R) PRO/100 Network Driver, 3.5.24-k2-NAPI
[    0.331288] e100: Copyright(c) 1999-2006 Intel Corporation
[    0.332232] e1000: Intel(R) PRO/1000 Network Driver - version 7.3.21-k8-NAPI
[    0.332653] e1000: Copyright (c) 1999-2006 Intel Corporation.
[    0.487957] ata1.01: NODEV after polling detection
[    0.488282] ata1.00: ATA-6: VBOX HARDDISK, 1.0, max UDMA/133
[    0.488702] ata1.00: 62914560 sectors, multi 128: LBA 
[    0.489436] scsi 0:0:0:0: Direct-Access     ATA      VBOX HARDDISK    1.0  PQ: 0 ANSI: 5
[    0.490110] sd 0:0:0:0: [sda] 62914560 512-byte logical blocks: (32.2 GB/30.0 GiB)
[    0.490643] sd 0:0:0:0: [sda] Write Protect is off
[    0.491023] sd 0:0:0:0: [sda] Mode Sense: 00 3a 00 00
[    0.491035] sd 0:0:0:0: Attached scsi generic sg0 type 0
[    0.491476] sd 0:0:0:0: [sda] Write cache: enabled, read cache: enabled, doesn't support DPO or FUA
[    0.492227] ata2.00: ATAPI: VBOX CD-ROM, 1.0, max UDMA/133
[    0.493688] scsi 1:0:0:0: CD-ROM            VBOX     CD-ROM           1.0  PQ: 0 ANSI: 5
[    0.506098]  sda: sda1 sda2 sda3 sda4
[    0.506697] sd 0:0:0:0: [sda] Attached SCSI disk
[    0.517968] sr 1:0:0:0: [sr0] scsi3-mmc drive: 32x/32x xa/form2 tray
[    0.518581] cdrom: Uniform CD-ROM driver Revision: 3.20
[    0.519101] sr 1:0:0:0: Attached scsi CD-ROM sr0
[    0.519309] sr 1:0:0:0: Attached scsi generic sg1 type 5
[    0.727758] e1000 0000:00:03.0 eth0: (PCI:33MHz:32-bit) 08:00:27:60:99:e1
[    0.728097] e1000 0000:00:03.0 eth0: Intel(R) PRO/1000 Network Connection
[    0.728525] e1000e: Intel(R) PRO/1000 Network Driver - 3.2.6-k
[    0.728921] e1000e: Copyright(c) 1999 - 2015 Intel Corporation.
[    0.729360] sky2: driver version 1.30
[    0.729824] ehci_hcd: USB 2.0 'Enhanced' Host Controller (EHCI) Driver
[    0.730146] ehci-pci: EHCI PCI platform driver
[    0.730499] ohci_hcd: USB 1.1 'Open' Host Controller (OHCI) Driver
[    0.730924] ohci-pci: OHCI PCI platform driver
[    0.731726] ohci-pci 0000:00:06.0: OHCI PCI host controller
[    0.732205] ohci-pci 0000:00:06.0: new USB bus registered, assigned bus number 1
[    0.732758] ohci-pci 0000:00:06.0: irq 22, io mem 0xf0804000
[    0.785320] usb usb1: New USB device found, idVendor=1d6b, idProduct=0001, bcdDevice= 4.19
[    0.785847] usb usb1: New USB device strings: Mfr=3, Product=2, SerialNumber=1
[    0.786717] usb usb1: Product: OHCI PCI host controller
[    0.787090] usb usb1: Manufacturer: Linux 4.19.0-rc8-next-20181016 ohci_hcd
[    0.787513] usb usb1: SerialNumber: 0000:00:06.0
[    0.787986] hub 1-0:1.0: USB hub found
[    0.788344] hub 1-0:1.0: 12 ports detected
[    0.789161] uhci_hcd: USB Universal Host Controller Interface driver
[    0.789635] usbcore: registered new interface driver usblp
[    0.790064] usbcore: registered new interface driver usb-storage
[    0.790497] i8042: PNP: PS/2 Controller [PNP0303:PS2K,PNP0f03:PS2M] at 0x60,0x64 irq 1,12
[    0.791427] serio: i8042 KBD port at 0x60,0x64 irq 1
[    0.791926] serio: i8042 AUX port at 0x60,0x64 irq 12
[    0.792667] input: AT Translated Set 2 keyboard as /devices/platform/i8042/serio0/input/input3
[    0.794119] rtc_cmos rtc_cmos: registered as rtc0
[    0.794516] rtc_cmos rtc_cmos: alarms up to one day, 114 bytes nvram
[    0.795020] device-mapper: ioctl: 4.39.0-ioctl (2018-04-03) initialised: dm-devel@redhat.com
[    0.795536] hidraw: raw HID events driver (C) Jiri Kosina
[    0.796311] usbcore: registered new interface driver usbhid
[    0.797053] usbhid: USB HID core driver
[    0.798013] Initializing XFRM netlink socket
[    0.798524] NET: Registered protocol family 10
[    0.799239] Segment Routing with IPv6
[    0.799644] sit: IPv6, IPv4 and MPLS over IPv4 tunneling driver
[    0.800197] NET: Registered protocol family 17
[    0.800487] Key type dns_resolver registered
[    0.802110] sched_clock: Marking stable (757001035, 45005349)->(904436937, -102430553)
[    0.802800] registered taskstats version 1
[    0.803114] Loading compiled-in X.509 certificates
[    0.803684]   Magic number: 6:972:630
[    0.804079] printk: console [netcon0] enabled
[    0.804438] netconsole: network logging started
[    0.804828] cfg80211: Loading compiled-in X.509 certificates for regulatory database
[    0.805488] cfg80211: Loaded X.509 cert 'sforshee: 00b28ddf47aef9cea7'
[    0.805915] ALSA device list:
[    0.806253]   No soundcards found.
[    0.806632] platform regulatory.0: Direct firmware load for regulatory.db failed with error -2
[    0.807087] cfg80211: failed to load regulatory.db
[    0.998269] random: fast init done
[    0.999237] input: ImExPS/2 Generic Explorer Mouse as /devices/platform/i8042/serio1/input/input5
[    0.999988] md: Waiting for all devices to be available before autodetect
[    1.000488] md: If you don't use raid, use raid=noautodetect
[    1.001022] md: Autodetecting RAID arrays.
[    1.001539] md: autorun ...
[    1.001886] md: ... autorun DONE.
[    1.005235] EXT4-fs (sda2): mounted filesystem with ordered data mode. Opts: (null)
[    1.005753] VFS: Mounted root (ext4 filesystem) readonly on device 8:2.
[    1.006903] devtmpfs: mounted
[    1.007402] Freeing unused kernel image memory: 1248K
[    1.009111] Write protecting the kernel read-only data: 18432k
[    1.009914] Freeing unused kernel image memory: 2008K
[    1.011223] Freeing unused kernel image memory: 980K
[    1.012141] Run /sbin/init as init process
[    1.051266] stty (1059) used greatest stack depth: 13840 bytes left
[    1.140477] sed (1073) used greatest stack depth: 13600 bytes left
[    1.176852] usb 1-1: new full-speed USB device number 2 using ohci-pci
[    1.211288] ip (1118) used greatest stack depth: 12392 bytes left
[    1.258492] udevd[1148]: starting version 3.2.2
[    1.340694] tsc: Refined TSC clocksource calibration: 2793.532 MHz
[    1.341104] clocksource: tsc: mask: 0xffffffffffffffff max_cycles: 0x284462ec54c, max_idle_ns: 440795344772 ns
[    1.341664] clocksource: Switched to clocksource tsc
[    1.363254] random: udevd: uninitialized urandom read (16 bytes read)
[    1.363967] random: udevd: uninitialized urandom read (16 bytes read)
[    1.364738] random: udevd: uninitialized urandom read (16 bytes read)
[    1.373961] udevd[1149]: starting eudev-3.2.2
[    1.418711] usb 1-1: New USB device found, idVendor=80ee, idProduct=0021, bcdDevice= 1.00
[    1.419225] usb 1-1: New USB device strings: Mfr=1, Product=3, SerialNumber=0
[    1.419659] usb 1-1: Product: USB Tablet
[    1.420051] usb 1-1: Manufacturer: VirtualBox
[    1.431724] input: VirtualBox USB Tablet as /devices/pci0000:00/0000:00:06.0/usb1/1-1/1-1:1.0/0003:80EE:0021.0001/input/input6
[    1.432688] hid-generic 0003:80EE:0021.0001: input,hidraw0: USB HID v1.10 Mouse [VirtualBox USB Tablet] on usb-0000:00:06.0-1/input0
[    1.437808] e1000 0000:00:03.0 enp0s3: renamed from eth0
[    2.163223] Adding 5292028k swap on /dev/sda4.  Priority:1 extents:1 across:5292028k 
[    2.175191] EXT4-fs (sda2): re-mounted. Opts: (null)
[    2.210781] EXT4-fs (sda2): re-mounted. Opts: (null)
[    2.222705] EXT4-fs (sda3): mounted filesystem with ordered data mode. Opts: (null)
[    3.248682] random: crng init done
[    3.249034] random: 2 urandom warning(s) missed due to ratelimiting
[    3.333709] IPv6: ADDRCONF(NETDEV_UP): enp0s3: link is not ready
[    3.334060] ip (2162) used greatest stack depth: 12328 bytes left
[    3.335349] e1000: enp0s3 NIC Link is Up 1000 Mbps Full Duplex, Flow Control: RX
[    3.336071] IPv6: ADDRCONF(NETDEV_CHANGE): enp0s3: link becomes ready
