[    0.000000] Linux version 4.19.0-rc4 (root@kamashis) (gcc version 7.2.0 (GCC)) #1 SMP Mon Oct 15 14:06:08 SAST 2018
[    0.000000] Command line: BOOT_IMAGE=/vmlinuz-4.19-rc4-kamashis root=/dev/sda2 ro
[    0.000000] x86/fpu: Supporting XSAVE feature 0x001: 'x87 floating point registers'
[    0.000000] x86/fpu: Supporting XSAVE feature 0x002: 'SSE registers'
[    0.000000] x86/fpu: Supporting XSAVE feature 0x004: 'AVX registers'
[    0.000000] x86/fpu: xstate_offset[2]:  576, xstate_sizes[2]:  256
[    0.000000] x86/fpu: Enabled xstate features 0x7, context size is 832 bytes, using 'standard' format.
[    0.000000] BIOS-provided physical RAM map:
[    0.000000] BIOS-e820: [mem 0x0000000000000000-0x000000000009fbff] usable
[    0.000000] BIOS-e820: [mem 0x000000000009fc00-0x000000000009ffff] reserved
[    0.000000] BIOS-e820: [mem 0x00000000000f0000-0x00000000000fffff] reserved
[    0.000000] BIOS-e820: [mem 0x0000000000100000-0x00000000c0aeffff] usable
[    0.000000] BIOS-e820: [mem 0x00000000c0af0000-0x00000000c0afffff] ACPI data
[    0.000000] BIOS-e820: [mem 0x00000000fec00000-0x00000000fec00fff] reserved
[    0.000000] BIOS-e820: [mem 0x00000000fee00000-0x00000000fee00fff] reserved
[    0.000000] BIOS-e820: [mem 0x00000000fffc0000-0x00000000ffffffff] reserved
[    0.000000] NX (Execute Disable) protection: active
[    0.000000] SMBIOS 2.5 present.
[    0.000000] DMI: innotek GmbH VirtualBox/VirtualBox, BIOS VirtualBox 12/01/2006
[    0.000000] tsc: Fast TSC calibration failed
[    0.000000] e820: update [mem 0x00000000-0x00000fff] usable ==> reserved
[    0.000000] e820: remove [mem 0x000a0000-0x000fffff] usable
[    0.000000] last_pfn = 0xc0af0 max_arch_pfn = 0x400000000
[    0.000000] MTRR default type: uncachable
[    0.000000] MTRR variable ranges disabled:
[    0.000000] Disabled
[    0.000000] x86/PAT: MTRRs disabled, skipping PAT initialization too.
[    0.000000] CPU MTRRs all blank - virtualized system.
[    0.000000] x86/PAT: Configuration [0-7]: WB  WT  UC- UC  WB  WT  UC- UC  
[    0.000000] found SMP MP-table at [mem 0x0009fff0-0x0009ffff] mapped at [(____ptrval____)]
[    0.000000] Scanning 1 areas for low memory corruption
[    0.000000] Base memory trampoline at [(____ptrval____)] 99000 size 24576
[    0.000000] BRK [0x63911000, 0x63911fff] PGTABLE
[    0.000000] BRK [0x63912000, 0x63912fff] PGTABLE
[    0.000000] BRK [0x63913000, 0x63913fff] PGTABLE
[    0.000000] BRK [0x63914000, 0x63914fff] PGTABLE
[    0.000000] BRK [0x63915000, 0x63915fff] PGTABLE
[    0.000000] BRK [0x63916000, 0x63916fff] PGTABLE
[    0.000000] BRK [0x63917000, 0x63917fff] PGTABLE
[    0.000000] ACPI: Early table checksum verification disabled
[    0.000000] ACPI: RSDP 0x00000000000E0000 000024 (v02 VBOX  )
[    0.000000] ACPI: XSDT 0x00000000C0AF0030 00003C (v01 VBOX   VBOXXSDT 00000001 ASL  00000061)
[    0.000000] ACPI: FACP 0x00000000C0AF00F0 0000F4 (v04 VBOX   VBOXFACP 00000001 ASL  00000061)
[    0.000000] ACPI: DSDT 0x00000000C0AF0470 0021FF (v02 VBOX   VBOXBIOS 00000002 INTL 20100528)
[    0.000000] ACPI: FACS 0x00000000C0AF0200 000040
[    0.000000] ACPI: FACS 0x00000000C0AF0200 000040
[    0.000000] ACPI: APIC 0x00000000C0AF0240 000054 (v02 VBOX   VBOXAPIC 00000001 ASL  00000061)
[    0.000000] ACPI: SSDT 0x00000000C0AF02A0 0001CC (v01 VBOX   VBOXCPUT 00000002 INTL 20100528)
[    0.000000] ACPI: Local APIC address 0xfee00000
[    0.000000] No NUMA configuration found
[    0.000000] Faking a node at [mem 0x0000000000000000-0x00000000c0aeffff]
[    0.000000] NODE_DATA(0) allocated [mem 0xc0aec000-0xc0aeffff]
[    0.000000] Zone ranges:
[    0.000000]   DMA      [mem 0x0000000000001000-0x0000000000ffffff]
[    0.000000]   DMA32    [mem 0x0000000001000000-0x00000000c0aeffff]
[    0.000000]   Normal   empty
[    0.000000] Movable zone start for each node
[    0.000000] Early memory node ranges
[    0.000000]   node   0: [mem 0x0000000000001000-0x000000000009efff]
[    0.000000]   node   0: [mem 0x0000000000100000-0x00000000c0aeffff]
[    0.000000] Reserved but unavailable: 30066 pages
[    0.000000] Initmem setup node 0 [mem 0x0000000000001000-0x00000000c0aeffff]
[    0.000000] On node 0 totalpages: 789134
[    0.000000]   DMA zone: 64 pages used for memmap
[    0.000000]   DMA zone: 21 pages reserved
[    0.000000]   DMA zone: 3998 pages, LIFO batch:0
[    0.000000]   DMA32 zone: 12268 pages used for memmap
[    0.000000]   DMA32 zone: 785136 pages, LIFO batch:63
[    0.000000] ACPI: PM-Timer IO Port: 0x4008
[    0.000000] ACPI: Local APIC address 0xfee00000
[    0.000000] IOAPIC[0]: apic_id 1, version 32, address 0xfec00000, GSI 0-23
[    0.000000] ACPI: INT_SRC_OVR (bus 0 bus_irq 0 global_irq 2 dfl dfl)
[    0.000000] ACPI: INT_SRC_OVR (bus 0 bus_irq 9 global_irq 9 low level)
[    0.000000] ACPI: IRQ0 used by override.
[    0.000000] ACPI: IRQ9 used by override.
[    0.000000] Using ACPI (MADT) for SMP configuration information
[    0.000000] smpboot: Allowing 1 CPUs, 0 hotplug CPUs
[    0.000000] PM: Registered nosave memory: [mem 0x00000000-0x00000fff]
[    0.000000] PM: Registered nosave memory: [mem 0x0009f000-0x0009ffff]
[    0.000000] PM: Registered nosave memory: [mem 0x000a0000-0x000effff]
[    0.000000] PM: Registered nosave memory: [mem 0x000f0000-0x000fffff]
[    0.000000] [mem 0xc0b00000-0xfebfffff] available for PCI devices
[    0.000000] clocksource: refined-jiffies: mask: 0xffffffff max_cycles: 0xffffffff, max_idle_ns: 1910969940391419 ns
[    0.000000] random: get_random_bytes called from start_kernel+0x8b/0x4a1 with crng_init=0
[    0.000000] setup_percpu: NR_CPUS:64 nr_cpumask_bits:64 nr_cpu_ids:1 nr_node_ids:1
[    0.000000] percpu: Embedded 43 pages/cpu @(____ptrval____) s138456 r8192 d29480 u2097152
[    0.000000] pcpu-alloc: s138456 r8192 d29480 u2097152 alloc=1*2097152
[    0.000000] pcpu-alloc: [0] 0 
[    0.000000] Built 1 zonelists, mobility grouping on.  Total pages: 776781
[    0.000000] Policy zone: DMA32
[    0.000000] Kernel command line: BOOT_IMAGE=/vmlinuz-4.19-rc4-kamashis root=/dev/sda2 ro
[    0.000000] Calgary: detecting Calgary via BIOS EBDA area
[    0.000000] Calgary: Unable to locate Rio Grande table in EBDA - bailing!
[    0.000000] Memory: 3079288K/3156536K available (12300K kernel code, 1306K rwdata, 3024K rodata, 1236K init, 608K bss, 77248K reserved, 0K cma-reserved)
[    0.000000] SLUB: HWalign=64, Order=0-3, MinObjects=0, CPUs=1, Nodes=1
[    0.000000] Kernel/User page tables isolation: enabled
[    0.000000] rcu: Hierarchical RCU implementation.
[    0.000000] rcu: 	RCU event tracing is enabled.
[    0.000000] rcu: 	RCU restricting CPUs from NR_CPUS=64 to nr_cpu_ids=1.
[    0.000000] rcu: Adjusting geometry for rcu_fanout_leaf=16, nr_cpu_ids=1
[    0.000000] NR_IRQS: 4352, nr_irqs: 256, preallocated irqs: 16
[    0.000000] Console: colour VGA+ 80x25
[    0.000000] console [tty0] enabled
[    0.000000] ACPI: Core revision 20180810
[    0.000000] APIC: Switch to symmetric I/O mode setup
[    0.000000] ..TIMER: vector=0x30 apic1=0 pin1=2 apic2=-1 pin2=-1
[    0.009000] tsc: Unable to calibrate against PIT
[    0.009000] tsc: using PMTIMER reference calibration
[    0.010000] tsc: Detected 2793.542 MHz processor
[    0.000011] clocksource: tsc-early: mask: 0xffffffffffffffff max_cycles: 0x28446c07298, max_idle_ns: 440795298709 ns
[    0.000639] Calibrating delay loop (skipped), value calculated using timer frequency.. 5587.08 BogoMIPS (lpj=2793542)
[    0.001249] pid_max: default: 32768 minimum: 301
[    0.001647] Security Framework initialized
[    0.002021] SELinux:  Initializing.
[    0.003138] Dentry cache hash table entries: 524288 (order: 10, 4194304 bytes)
[    0.004117] Inode-cache hash table entries: 262144 (order: 9, 2097152 bytes)
[    0.004641] Mount-cache hash table entries: 8192 (order: 4, 65536 bytes)
[    0.005078] Mountpoint-cache hash table entries: 8192 (order: 4, 65536 bytes)
[    0.005628] mce: CPU supports 0 MCE banks
[    0.005640] process: using mwait in idle threads
[    0.006030] Last level iTLB entries: 4KB 128, 2MB 8, 4MB 8
[    0.006630] Last level dTLB entries: 4KB 64, 2MB 0, 4MB 0, 1GB 4
[    0.007046] Spectre V2 : Vulnerable: Minimal generic ASM retpoline
[    0.007462] Spectre V2 : Spectre v2 / SpectreRSB mitigation: Filling RSB on context switch
[    0.007629] Speculative Store Bypass: Vulnerable
[    0.021438] Freeing SMP alternatives memory: 40K
[    0.022628] smpboot: CPU0: Intel(R) Core(TM) i5-5575R CPU @ 2.80GHz (family: 0x6, model: 0x47, stepping: 0x1)
[    0.022628] Performance Events: unsupported p6 CPU model 71 no PMU driver, software events only.
[    0.022629] rcu: Hierarchical SRCU implementation.
[    0.022893] smp: Bringing up secondary CPUs ...
[    0.023255] smp: Brought up 1 node, 1 CPU
[    0.023630] smpboot: Max logical packages: 1
[    0.023984] smpboot: Total of 1 processors activated (5587.08 BogoMIPS)
[    0.024749] devtmpfs: initialized
[    0.025214] clocksource: jiffies: mask: 0xffffffff max_cycles: 0xffffffff, max_idle_ns: 1911260446275000 ns
[    0.025633] futex hash table entries: 256 (order: 2, 16384 bytes)
[    0.026072] RTC time: 12:36:04, date: 10/15/18
[    0.026479] NET: Registered protocol family 16
[    0.026669] kworker/u2:0 (17) used greatest stack depth: 14592 bytes left
[    0.027199] audit: initializing netlink subsys (disabled)
[    0.027658] cpuidle: using governor menu
[    0.028030] ACPI: bus type PCI registered
[    0.028633] PCI: Using configuration type 1 for base access
[    0.029156] audit: type=2000 audit(1539606964.038:1): state=initialized audit_enabled=0 res=1
[    0.029683] kworker/u2:1 (22) used greatest stack depth: 14144 bytes left
[    0.037950] HugeTLB registered 2.00 MiB page size, pre-allocated 0 pages
[    0.038472] ACPI: Added _OSI(Module Device)
[    0.038628] ACPI: Added _OSI(Processor Device)
[    0.038971] ACPI: Added _OSI(3.0 _SCP Extensions)
[    0.039330] ACPI: Added _OSI(Processor Aggregator Device)
[    0.039739] ACPI: Added _OSI(Linux-Dell-Video)
[    0.040097] ACPI: Added _OSI(Linux-Lenovo-NV-HDMI-Audio)
[    0.041969] ACPI: 2 ACPI AML tables successfully acquired and loaded
[    0.043404] ACPI: Interpreter enabled
[    0.043641] ACPI: (supports S0 S5)
[    0.043975] ACPI: Using IOAPIC for interrupt routing
[    0.044463] PCI: Using host bridge windows from ACPI; if necessary, use "pci=nocrs" and report a bug
[    0.044730] ACPI: Enabled 2 GPEs in block 00 to 07
[    0.049977] ACPI: PCI Root Bridge [PCI0] (domain 0000 [bus 00-ff])
[    0.050381] acpi PNP0A03:00: _OSC: OS supports [ASPM ClockPM Segments MSI]
[    0.050667] acpi PNP0A03:00: _OSC: not requesting OS control; OS requires [ExtendedConfig ASPM ClockPM MSI]
[    0.051214] acpi PNP0A03:00: fail to add MMCONFIG information, can't access extended PCI configuration space under this bridge.
[    0.051828] PCI host bridge to bus 0000:00
[    0.052645] pci_bus 0000:00: root bus resource [io  0x0000-0x0cf7 window]
[    0.053062] pci_bus 0000:00: root bus resource [io  0x0d00-0xffff window]
[    0.053647] pci_bus 0000:00: root bus resource [mem 0x000a0000-0x000bffff window]
[    0.054182] pci_bus 0000:00: root bus resource [mem 0xc0b00000-0xfdffffff window]
[    0.054661] pci_bus 0000:00: root bus resource [bus 00-ff]
[    0.055104] pci 0000:00:00.0: [8086:1237] type 00 class 0x060000
[    0.056039] pci 0000:00:01.0: [8086:7000] type 00 class 0x060100
[    0.057001] pci 0000:00:01.1: [8086:7111] type 00 class 0x01018a
[    0.057634] pci 0000:00:01.1: reg 0x20: [io  0xd000-0xd00f]
[    0.057900] pci 0000:00:01.1: legacy IDE quirk: reg 0x10: [io  0x01f0-0x01f7]
[    0.058319] pci 0000:00:01.1: legacy IDE quirk: reg 0x14: [io  0x03f6]
[    0.058631] pci 0000:00:01.1: legacy IDE quirk: reg 0x18: [io  0x0170-0x0177]
[    0.059050] pci 0000:00:01.1: legacy IDE quirk: reg 0x1c: [io  0x0376]
[    0.059853] pci 0000:00:02.0: [80ee:beef] type 00 class 0x030000
[    0.061654] pci 0000:00:02.0: reg 0x10: [mem 0xe0000000-0xe0ffffff pref]
[    0.070013] pci 0000:00:03.0: [8086:100e] type 00 class 0x020000
[    0.070842] pci 0000:00:03.0: reg 0x10: [mem 0xf0000000-0xf001ffff]
[    0.073311] pci 0000:00:03.0: reg 0x18: [io  0xd010-0xd017]
[    0.079374] pci 0000:00:04.0: [80ee:cafe] type 00 class 0x088000
[    0.080279] pci 0000:00:04.0: reg 0x10: [io  0xd020-0xd03f]
[    0.082100] pci 0000:00:04.0: reg 0x14: [mem 0xf0400000-0xf07fffff]
[    0.083189] pci 0000:00:04.0: reg 0x18: [mem 0xf0800000-0xf0803fff pref]
[    0.087964] pci 0000:00:05.0: [8086:2415] type 00 class 0x040100
[    0.088172] pci 0000:00:05.0: reg 0x10: [io  0xd100-0xd1ff]
[    0.088290] pci 0000:00:05.0: reg 0x14: [io  0xd200-0xd23f]
[    0.089185] pci 0000:00:06.0: [106b:003f] type 00 class 0x0c0310
[    0.089800] pci 0000:00:06.0: reg 0x10: [mem 0xf0804000-0xf0804fff]
[    0.097028] pci 0000:00:07.0: [8086:7113] type 00 class 0x068000
[    0.097567] pci 0000:00:07.0: quirk: [io  0x4000-0x403f] claimed by PIIX4 ACPI
[    0.097650] pci 0000:00:07.0: quirk: [io  0x4100-0x410f] claimed by PIIX4 SMB
[    0.099768] ACPI: PCI Interrupt Link [LNKA] (IRQs 5 9 10 *11)
[    0.100360] ACPI: PCI Interrupt Link [LNKB] (IRQs 5 9 *10 11)
[    0.100753] ACPI: PCI Interrupt Link [LNKC] (IRQs 5 *9 10 11)
[    0.101237] ACPI: PCI Interrupt Link [LNKD] (IRQs 5 9 10 *11)
[    0.101841] pci 0000:00:02.0: vgaarb: setting as boot VGA device
[    0.102238] pci 0000:00:02.0: vgaarb: VGA device added: decodes=io+mem,owns=io+mem,locks=none
[    0.102628] pci 0000:00:02.0: vgaarb: bridge control possible
[    0.103007] vgaarb: loaded
[    0.103401] SCSI subsystem initialized
[    0.103719] libata version 3.00 loaded.
[    0.103767] ACPI: bus type USB registered
[    0.104158] usbcore: registered new interface driver usbfs
[    0.105750] usbcore: registered new interface driver hub
[    0.106144] usbcore: registered new device driver usb
[    0.106562] pps_core: LinuxPPS API ver. 1 registered
[    0.106633] pps_core: Software ver. 5.3.6 - Copyright 2005-2007 Rodolfo Giometti <giometti@linux.it>
[    0.107179] PTP clock support registered
[    0.107706] EDAC MC: Ver: 3.0.0
[    0.108358] Advanced Linux Sound Architecture Driver Initialized.
[    0.108629] PCI: Using ACPI for IRQ routing
[    0.108971] PCI: pci_cache_line_size set to 64 bytes
[    0.109183] e820: reserve RAM buffer [mem 0x0009fc00-0x0009ffff]
[    0.109187] e820: reserve RAM buffer [mem 0xc0af0000-0xc3ffffff]
[    0.109297] NetLabel: Initializing
[    0.109633] NetLabel:  domain hash size = 128
[    0.109990] NetLabel:  protocols = UNLABELED CIPSOv4 CALIPSO
[    0.110395] NetLabel:  unlabeled traffic allowed by default
[    0.111798] clocksource: Switched to clocksource tsc-early
[    0.119100] VFS: Disk quotas dquot_6.6.0
[    0.119464] VFS: Dquot-cache hash table entries: 512 (order 0, 4096 bytes)
[    0.120360] pnp: PnP ACPI init
[    0.120741] pnp 00:00: Plug and Play ACPI device, IDs PNP0303 (active)
[    0.120814] pnp 00:01: Plug and Play ACPI device, IDs PNP0f03 (active)
[    0.121565] pnp: PnP ACPI: found 2 devices
[    0.127794] clocksource: acpi_pm: mask: 0xffffff max_cycles: 0xffffff, max_idle_ns: 2085701024 ns
[    0.128809] pci_bus 0000:00: resource 4 [io  0x0000-0x0cf7 window]
[    0.128809] pci_bus 0000:00: resource 5 [io  0x0d00-0xffff window]
[    0.128809] pci_bus 0000:00: resource 6 [mem 0x000a0000-0x000bffff window]
[    0.128809] pci_bus 0000:00: resource 7 [mem 0xc0b00000-0xfdffffff window]
[    0.128809] NET: Registered protocol family 2
[    0.129216] tcp_listen_portaddr_hash hash table entries: 2048 (order: 3, 32768 bytes)
[    0.129742] TCP established hash table entries: 32768 (order: 6, 262144 bytes)
[    0.130261] TCP bind hash table entries: 32768 (order: 7, 524288 bytes)
[    0.130719] TCP: Hash tables configured (established 32768 bind 32768)
[    0.132622] UDP hash table entries: 2048 (order: 4, 65536 bytes)
[    0.133098] UDP-Lite hash table entries: 2048 (order: 4, 65536 bytes)
[    0.133543] NET: Registered protocol family 1
[    0.134012] RPC: Registered named UNIX socket transport module.
[    0.134493] RPC: Registered udp transport module.
[    0.134767] RPC: Registered tcp transport module.
[    0.135544] RPC: Registered tcp NFSv4.1 backchannel transport module.
[    0.135980] pci 0000:00:00.0: Limiting direct PCI/PCI transfers
[    0.136409] pci 0000:00:01.0: Activating ISA DMA hang workarounds
[    0.136830] pci 0000:00:02.0: Video device with shadowed ROM at [mem 0x000c0000-0x000dffff]
[    0.138213] PCI: CLS 0 bytes, default 64
[    0.138291] RAPL PMU: API unit is 2^-32 Joules, 4 fixed counters, 10737418240 ms ovfl timer
[    0.138768] RAPL PMU: hw unit of domain pp0-core 2^-0 Joules
[    0.139176] RAPL PMU: hw unit of domain package 2^-0 Joules
[    0.139555] RAPL PMU: hw unit of domain dram 2^-0 Joules
[    0.139834] RAPL PMU: hw unit of domain pp1-gpu 2^-0 Joules
[    0.140191] platform rtc_cmos: registered platform RTC device (no PNP device found)
[    0.140786] Scanning for low memory corruption every 60 seconds
[    0.141552] Initialise system trusted keyrings
[    0.142856] workingset: timestamp_bits=56 max_order=20 bucket_order=0
[    0.145081] NFS: Registering the id_resolver key type
[    0.145276] Key type id_resolver registered
[    0.145655] Key type id_legacy registered
[    0.147087] Key type asymmetric registered
[    0.147447] Asymmetric key parser 'x509' registered
[    0.147970] Block layer SCSI generic (bsg) driver version 0.4 loaded (major 251)
[    0.148592] io scheduler noop registered
[    0.148837] io scheduler deadline registered
[    0.149296] io scheduler cfq registered (default)
[    0.149661] io scheduler mq-deadline registered
[    0.150025] io scheduler kyber registered
[    0.150619] ACPI: AC Adapter [AC] (on-line)
[    0.151828] input: Power Button as /devices/LNXSYSTM:00/LNXPWRBN:00/input/input0
[    0.152353] ACPI: Power Button [PWRF]
[    0.153132] input: Sleep Button as /devices/LNXSYSTM:00/LNXSLPBN:00/input/input1
[    0.153635] ACPI: Sleep Button [SLPF]
[    0.153995] ACPI: Video Device [GFX0] (multi-head: yes  rom: no  post: no)
[    0.154484] input: Video Bus as /devices/LNXSYSTM:00/LNXSYBUS:00/PNP0A03:00/LNXVIDEO:00/input/input2
[    0.155180] Serial: 8250/16550 driver, 4 ports, IRQ sharing enabled
[    0.155929] Non-volatile memory driver v1.3
[    0.156318] Linux agpgart interface v0.103
[    0.158335] loop: module loaded
[    0.158761] ata_piix 0000:00:01.1: version 2.13
[    0.159319] scsi host0: ata_piix
[    0.159760] scsi host1: ata_piix
[    0.160135] ata1: PATA max UDMA/33 cmd 0x1f0 ctl 0x3f6 bmdma 0xd000 irq 14
[    0.160546] ata2: PATA max UDMA/33 cmd 0x170 ctl 0x376 bmdma 0xd008 irq 15
[    0.161486] e100: Intel(R) PRO/100 Network Driver, 3.5.24-k2-NAPI
[    0.161890] e100: Copyright(c) 1999-2006 Intel Corporation
[    0.162303] e1000: Intel(R) PRO/1000 Network Driver - version 7.3.21-k8-NAPI
[    0.162808] e1000: Copyright (c) 1999-2006 Intel Corporation.
[    0.319492] ata1.01: NODEV after polling detection
[    0.319700] ata1.00: ATA-6: VBOX HARDDISK, 1.0, max UDMA/133
[    0.320092] ata1.00: 62914560 sectors, multi 128: LBA 
[    0.321430] ata2.00: ATAPI: VBOX CD-ROM, 1.0, max UDMA/133
[    0.322345] scsi 0:0:0:0: Direct-Access     ATA      VBOX HARDDISK    1.0  PQ: 0 ANSI: 5
[    0.322821] sd 0:0:0:0: [sda] 62914560 512-byte logical blocks: (32.2 GB/30.0 GiB)
[    0.323323] sd 0:0:0:0: [sda] Write Protect is off
[    0.323689] sd 0:0:0:0: [sda] Mode Sense: 00 3a 00 00
[    0.323723] sd 0:0:0:0: Attached scsi generic sg0 type 0
[    0.324302] sd 0:0:0:0: [sda] Write cache: enabled, read cache: enabled, doesn't support DPO or FUA
[    0.324740] scsi 1:0:0:0: CD-ROM            VBOX     CD-ROM           1.0  PQ: 0 ANSI: 5
[    0.346958]  sda: sda1 sda2 sda3 sda4
[    0.348115] sd 0:0:0:0: [sda] Attached SCSI disk
[    0.348624] sr 1:0:0:0: [sr0] scsi3-mmc drive: 32x/32x xa/form2 tray
[    0.349055] cdrom: Uniform CD-ROM driver Revision: 3.20
[    0.349545] sr 1:0:0:0: Attached scsi CD-ROM sr0
[    0.349713] sr 1:0:0:0: Attached scsi generic sg1 type 5
[    0.545109] e1000 0000:00:03.0 eth0: (PCI:33MHz:32-bit) 08:00:27:60:99:e1
[    0.545538] e1000 0000:00:03.0 eth0: Intel(R) PRO/1000 Network Connection
[    0.545855] e1000e: Intel(R) PRO/1000 Network Driver - 3.2.6-k
[    0.546236] e1000e: Copyright(c) 1999 - 2015 Intel Corporation.
[    0.546643] sky2: driver version 1.30
[    0.547119] ehci_hcd: USB 2.0 'Enhanced' Host Controller (EHCI) Driver
[    0.547529] ehci-pci: EHCI PCI platform driver
[    0.547809] ohci_hcd: USB 1.1 'Open' Host Controller (OHCI) Driver
[    0.548221] ohci-pci: OHCI PCI platform driver
[    0.549821] ohci-pci 0000:00:06.0: OHCI PCI host controller
[    0.550230] ohci-pci 0000:00:06.0: new USB bus registered, assigned bus number 1
[    0.550773] ohci-pci 0000:00:06.0: irq 22, io mem 0xf0804000
[    0.603335] usb usb1: New USB device found, idVendor=1d6b, idProduct=0001, bcdDevice= 4.19
[    0.603848] usb usb1: New USB device strings: Mfr=3, Product=2, SerialNumber=1
[    0.604821] usb usb1: Product: OHCI PCI host controller
[    0.605303] usb usb1: Manufacturer: Linux 4.19.0-rc4 ohci_hcd
[    0.605689] usb usb1: SerialNumber: 0000:00:06.0
[    0.606167] hub 1-0:1.0: USB hub found
[    0.606522] hub 1-0:1.0: 12 ports detected
[    0.607273] uhci_hcd: USB Universal Host Controller Interface driver
[    0.607770] usbcore: registered new interface driver usblp
[    0.608127] usbcore: registered new interface driver usb-storage
[    0.608567] i8042: PNP: PS/2 Controller [PNP0303:PS2K,PNP0f03:PS2M] at 0x60,0x64 irq 1,12
[    0.609545] serio: i8042 KBD port at 0x60,0x64 irq 1
[    0.609922] serio: i8042 AUX port at 0x60,0x64 irq 12
[    0.610729] input: AT Translated Set 2 keyboard as /devices/platform/i8042/serio0/input/input3
[    0.612276] rtc_cmos rtc_cmos: registered as rtc0
[    0.612667] rtc_cmos rtc_cmos: alarms up to one day, 114 bytes nvram
[    0.613226] device-mapper: ioctl: 4.39.0-ioctl (2018-04-03) initialised: dm-devel@redhat.com
[    0.613771] hidraw: raw HID events driver (C) Jiri Kosina
[    0.614532] usbcore: registered new interface driver usbhid
[    0.614832] usbhid: USB HID core driver
[    0.616115] Initializing XFRM netlink socket
[    0.616551] NET: Registered protocol family 10
[    0.617164] Segment Routing with IPv6
[    0.617719] sit: IPv6, IPv4 and MPLS over IPv4 tunneling driver
[    0.618258] NET: Registered protocol family 17
[    0.618678] Key type dns_resolver registered
[    0.619130] sched_clock: Marking stable (629478966, -10371169)->(722466919, -103359122)
[    0.619851] registered taskstats version 1
[    0.620171] Loading compiled-in X.509 certificates
[    0.620708]   Magic number: 6:6:633
[    0.622025] console [netcon0] enabled
[    0.622380] netconsole: network logging started
[    0.622779] cfg80211: Loading compiled-in X.509 certificates for regulatory database
[    0.623417] cfg80211: Loaded X.509 cert 'sforshee: 00b28ddf47aef9cea7'
[    0.623831] ALSA device list:
[    0.624163]   No soundcards found.
[    0.624536] platform regulatory.0: Direct firmware load for regulatory.db failed with error -2
[    0.625049] cfg80211: failed to load regulatory.db
[    0.817580] random: fast init done
[    0.818522] input: ImExPS/2 Generic Explorer Mouse as /devices/platform/i8042/serio1/input/input5
[    0.819139] md: Waiting for all devices to be available before autodetect
[    0.819584] md: If you don't use raid, use raid=noautodetect
[    0.820061] md: Autodetecting RAID arrays.
[    0.820468] md: autorun ...
[    0.820789] md: ... autorun DONE.
[    0.823797] EXT4-fs (sda2): mounted filesystem with ordered data mode. Opts: (null)
[    0.824225] VFS: Mounted root (ext4 filesystem) readonly on device 8:2.
[    0.825545] devtmpfs: mounted
[    0.826433] Freeing unused kernel image memory: 1236K
[    0.829189] Write protecting the kernel read-only data: 18432k
[    0.829987] Freeing unused kernel image memory: 2004K
[    0.830392] Freeing unused kernel image memory: 1072K
[    0.830805] Run /sbin/init as init process
[    0.885988] stty (1016) used greatest stack depth: 13824 bytes left
[    0.923725] rc (1018) used greatest stack depth: 13792 bytes left
[    0.969927] sed (1030) used greatest stack depth: 13592 bytes left
[    0.998061] usb 1-1: new full-speed USB device number 2 using ohci-pci
[    1.049901] ip (1075) used greatest stack depth: 12424 bytes left
[    1.075017] udevd[1105]: starting version 3.2.2
[    1.080245] random: udevd: uninitialized urandom read (16 bytes read)
[    1.081032] random: udevd: uninitialized urandom read (16 bytes read)
[    1.081757] random: udevd: uninitialized urandom read (16 bytes read)
[    1.090086] udevd[1106]: starting eudev-3.2.2
[    1.137749] e1000 0000:00:03.0 enp0s3: renamed from eth0
[    1.173817] tsc: Refined TSC clocksource calibration: 2793.533 MHz
[    1.174247] clocksource: tsc: mask: 0xffffffffffffffff max_cycles: 0x284463b702f, max_idle_ns: 440795312082 ns
[    1.175433] clocksource: Switched to clocksource tsc
[    1.238461] usb 1-1: New USB device found, idVendor=80ee, idProduct=0021, bcdDevice= 1.00
[    1.238881] usb 1-1: New USB device strings: Mfr=1, Product=3, SerialNumber=0
[    1.239153] usb 1-1: Product: USB Tablet
[    1.239813] usb 1-1: Manufacturer: VirtualBox
[    1.250951] input: VirtualBox USB Tablet as /devices/pci0000:00/0000:00:06.0/usb1/1-1/1-1:1.0/0003:80EE:0021.0001/input/input6
[    1.251717] hid-generic 0003:80EE:0021.0001: input,hidraw0: USB HID v1.10 Mouse [VirtualBox USB Tablet] on usb-0000:00:06.0-1/input0
[    1.551854] Adding 5292028k swap on /dev/sda4.  Priority:1 extents:1 across:5292028k 
[    1.564741] EXT4-fs (sda2): re-mounted. Opts: (null)
[    1.598460] EXT4-fs (sda2): re-mounted. Opts: (null)
[    1.611293] EXT4-fs (sda3): mounted filesystem with ordered data mode. Opts: (null)
[    2.719822] IPv6: ADDRCONF(NETDEV_UP): enp0s3: link is not ready
[    2.720016] ip (2115) used greatest stack depth: 12336 bytes left
[    2.721759] e1000: enp0s3 NIC Link is Up 1000 Mbps Full Duplex, Flow Control: RX
[    2.722444] IPv6: ADDRCONF(NETDEV_CHANGE): enp0s3: link becomes ready
[    2.738179] urandom_read: 2 callbacks suppressed
[    2.738180] random: dhcpcd: uninitialized urandom read (112 bytes read)
[    2.767390] random: dbus-daemon: uninitialized urandom read (12 bytes read)
[    2.768787] random: dbus-daemon: uninitialized urandom read (8 bytes read)
[   11.168392] random: crng init done
[   11.168744] random: 2 urandom warning(s) missed due to ratelimiting
