[    0.000000] Linux version 4.19.0-rc8-thor_kernel+ (root@kamashis) (gcc version 7.2.0 (GCC)) #1 SMP Mon Oct 15 15:39:23 SAST 2018
[    0.000000] Command line: BOOT_IMAGE=/vmlinuz-4.19-rc4-thor_kernel root=/dev/sda2 ro
[    0.000000] x86/fpu: Supporting XSAVE feature 0x001: 'x87 floating point registers'
[    0.000000] x86/fpu: Supporting XSAVE feature 0x002: 'SSE registers'
[    0.000000] x86/fpu: Supporting XSAVE feature 0x004: 'AVX registers'
[    0.000000] x86/fpu: xstate_offset[2]:  576, xstate_sizes[2]:  256
[    0.000000] x86/fpu: Enabled xstate features 0x7, context size is 832 bytes, using 'standard' format.
[    0.000000] BIOS-provided physical RAM map:
[    0.000000] BIOS-e820: [mem 0x0000000000000000-0x000000000009fbff] usable
[    0.000000] BIOS-e820: [mem 0x000000000009fc00-0x000000000009ffff] reserved
[    0.000000] BIOS-e820: [mem 0x00000000000f0000-0x00000000000fffff] reserved
[    0.000000] BIOS-e820: [mem 0x0000000000100000-0x00000000c0aeffff] usable
[    0.000000] BIOS-e820: [mem 0x00000000c0af0000-0x00000000c0afffff] ACPI data
[    0.000000] BIOS-e820: [mem 0x00000000fec00000-0x00000000fec00fff] reserved
[    0.000000] BIOS-e820: [mem 0x00000000fee00000-0x00000000fee00fff] reserved
[    0.000000] BIOS-e820: [mem 0x00000000fffc0000-0x00000000ffffffff] reserved
[    0.000000] NX (Execute Disable) protection: active
[    0.000000] SMBIOS 2.5 present.
[    0.000000] DMI: innotek GmbH VirtualBox/VirtualBox, BIOS VirtualBox 12/01/2006
[    0.000000] tsc: Fast TSC calibration failed
[    0.000000] e820: update [mem 0x00000000-0x00000fff] usable ==> reserved
[    0.000000] e820: remove [mem 0x000a0000-0x000fffff] usable
[    0.000000] last_pfn = 0xc0af0 max_arch_pfn = 0x400000000
[    0.000000] MTRR default type: uncachable
[    0.000000] MTRR variable ranges disabled:
[    0.000000] Disabled
[    0.000000] x86/PAT: MTRRs disabled, skipping PAT initialization too.
[    0.000000] CPU MTRRs all blank - virtualized system.
[    0.000000] x86/PAT: Configuration [0-7]: WB  WT  UC- UC  WB  WT  UC- UC  
[    0.000000] found SMP MP-table at [mem 0x0009fff0-0x0009ffff] mapped at [(____ptrval____)]
[    0.000000] Scanning 1 areas for low memory corruption
[    0.000000] Base memory trampoline at [(____ptrval____)] 99000 size 24576
[    0.000000] BRK [0x54601000, 0x54601fff] PGTABLE
[    0.000000] BRK [0x54602000, 0x54602fff] PGTABLE
[    0.000000] BRK [0x54603000, 0x54603fff] PGTABLE
[    0.000000] BRK [0x54604000, 0x54604fff] PGTABLE
[    0.000000] BRK [0x54605000, 0x54605fff] PGTABLE
[    0.000000] BRK [0x54606000, 0x54606fff] PGTABLE
[    0.000000] BRK [0x54607000, 0x54607fff] PGTABLE
[    0.000000] ACPI: Early table checksum verification disabled
[    0.000000] ACPI: RSDP 0x00000000000E0000 000024 (v02 VBOX  )
[    0.000000] ACPI: XSDT 0x00000000C0AF0030 00003C (v01 VBOX   VBOXXSDT 00000001 ASL  00000061)
[    0.000000] ACPI: FACP 0x00000000C0AF00F0 0000F4 (v04 VBOX   VBOXFACP 00000001 ASL  00000061)
[    0.000000] ACPI: DSDT 0x00000000C0AF0470 0021FF (v02 VBOX   VBOXBIOS 00000002 INTL 20100528)
[    0.000000] ACPI: FACS 0x00000000C0AF0200 000040
[    0.000000] ACPI: FACS 0x00000000C0AF0200 000040
[    0.000000] ACPI: APIC 0x00000000C0AF0240 000054 (v02 VBOX   VBOXAPIC 00000001 ASL  00000061)
[    0.000000] ACPI: SSDT 0x00000000C0AF02A0 0001CC (v01 VBOX   VBOXCPUT 00000002 INTL 20100528)
[    0.000000] ACPI: Local APIC address 0xfee00000
[    0.000000] No NUMA configuration found
[    0.000000] Faking a node at [mem 0x0000000000000000-0x00000000c0aeffff]
[    0.000000] NODE_DATA(0) allocated [mem 0xc0aec000-0xc0aeffff]
[    0.000000] Zone ranges:
[    0.000000]   DMA      [mem 0x0000000000001000-0x0000000000ffffff]
[    0.000000]   DMA32    [mem 0x0000000001000000-0x00000000c0aeffff]
[    0.000000]   Normal   empty
[    0.000000] Movable zone start for each node
[    0.000000] Early memory node ranges
[    0.000000]   node   0: [mem 0x0000000000001000-0x000000000009efff]
[    0.000000]   node   0: [mem 0x0000000000100000-0x00000000c0aeffff]
[    0.000000] Reserved but unavailable: 30066 pages
[    0.000000] Initmem setup node 0 [mem 0x0000000000001000-0x00000000c0aeffff]
[    0.000000] On node 0 totalpages: 789134
[    0.000000]   DMA zone: 64 pages used for memmap
[    0.000000]   DMA zone: 21 pages reserved
[    0.000000]   DMA zone: 3998 pages, LIFO batch:0
[    0.000000]   DMA32 zone: 12268 pages used for memmap
[    0.000000]   DMA32 zone: 785136 pages, LIFO batch:63
[    0.000000] ACPI: PM-Timer IO Port: 0x4008
[    0.000000] ACPI: Local APIC address 0xfee00000
[    0.000000] IOAPIC[0]: apic_id 1, version 32, address 0xfec00000, GSI 0-23
[    0.000000] ACPI: INT_SRC_OVR (bus 0 bus_irq 0 global_irq 2 dfl dfl)
[    0.000000] ACPI: INT_SRC_OVR (bus 0 bus_irq 9 global_irq 9 low level)
[    0.000000] ACPI: IRQ0 used by override.
[    0.000000] ACPI: IRQ9 used by override.
[    0.000000] Using ACPI (MADT) for SMP configuration information
[    0.000000] smpboot: Allowing 1 CPUs, 0 hotplug CPUs
[    0.000000] PM: Registered nosave memory: [mem 0x00000000-0x00000fff]
[    0.000000] PM: Registered nosave memory: [mem 0x0009f000-0x0009ffff]
[    0.000000] PM: Registered nosave memory: [mem 0x000a0000-0x000effff]
[    0.000000] PM: Registered nosave memory: [mem 0x000f0000-0x000fffff]
[    0.000000] [mem 0xc0b00000-0xfebfffff] available for PCI devices
[    0.000000] clocksource: refined-jiffies: mask: 0xffffffff max_cycles: 0xffffffff, max_idle_ns: 1910969940391419 ns
[    0.000000] random: get_random_bytes called from start_kernel+0x8b/0x4a1 with crng_init=0
[    0.000000] setup_percpu: NR_CPUS:64 nr_cpumask_bits:64 nr_cpu_ids:1 nr_node_ids:1
[    0.000000] percpu: Embedded 43 pages/cpu @(____ptrval____) s138456 r8192 d29480 u2097152
[    0.000000] pcpu-alloc: s138456 r8192 d29480 u2097152 alloc=1*2097152
[    0.000000] pcpu-alloc: [0] 0 
[    0.000000] Built 1 zonelists, mobility grouping on.  Total pages: 776781
[    0.000000] Policy zone: DMA32
[    0.000000] Kernel command line: BOOT_IMAGE=/vmlinuz-4.19-rc4-thor_kernel root=/dev/sda2 ro
[    0.000000] Calgary: detecting Calgary via BIOS EBDA area
[    0.000000] Calgary: Unable to locate Rio Grande table in EBDA - bailing!
[    0.000000] Memory: 3078332K/3156536K available (12300K kernel code, 1310K rwdata, 3024K rodata, 1240K init, 1560K bss, 78204K reserved, 0K cma-reserved)
[    0.000000] SLUB: HWalign=64, Order=0-3, MinObjects=0, CPUs=1, Nodes=1
[    0.000000] Kernel/User page tables isolation: enabled
[    0.000000] rcu: Hierarchical RCU implementation.
[    0.000000] rcu: 	RCU event tracing is enabled.
[    0.000000] rcu: 	RCU restricting CPUs from NR_CPUS=64 to nr_cpu_ids=1.
[    0.000000] rcu: Adjusting geometry for rcu_fanout_leaf=16, nr_cpu_ids=1
[    0.000000] NR_IRQS: 4352, nr_irqs: 256, preallocated irqs: 16
[    0.000000] Console: colour VGA+ 80x25
[    0.000000] console [tty0] enabled
[    0.000000] ACPI: Core revision 20180810
[    0.000000] APIC: Switch to symmetric I/O mode setup
[    0.000000] ..TIMER: vector=0x30 apic1=0 pin1=2 apic2=-1 pin2=-1
[    0.009000] tsc: Unable to calibrate against PIT
[    0.009000] tsc: using PMTIMER reference calibration
[    0.010000] tsc: Detected 2724.581 MHz processor
[    0.000011] clocksource: tsc-early: mask: 0xffffffffffffffff max_cycles: 0x2745f35f522, max_idle_ns: 440795278934 ns
[    0.000638] Calibrating delay loop (skipped), value calculated using timer frequency.. 5449.16 BogoMIPS (lpj=2724581)
[    0.001272] pid_max: default: 32768 minimum: 301
[    0.001648] Security Framework initialized
[    0.002627] SELinux:  Initializing.
[    0.006496] Dentry cache hash table entries: 524288 (order: 10, 4194304 bytes)
[    0.008221] Inode-cache hash table entries: 262144 (order: 9, 2097152 bytes)
[    0.009643] Mount-cache hash table entries: 8192 (order: 4, 65536 bytes)
[    0.010274] Mountpoint-cache hash table entries: 8192 (order: 4, 65536 bytes)
[    0.010750] mce: CPU supports 0 MCE banks
[    0.011168] process: using mwait in idle threads
[    0.011633] Last level iTLB entries: 4KB 128, 2MB 8, 4MB 8
[    0.012050] Last level dTLB entries: 4KB 64, 2MB 0, 4MB 0, 1GB 4
[    0.012479] Spectre V2 : Vulnerable: Minimal generic ASM retpoline
[    0.012629] Spectre V2 : Spectre v2 / SpectreRSB mitigation: Filling RSB on context switch
[    0.013203] Speculative Store Bypass: Vulnerable
[    0.025719] Freeing SMP alternatives memory: 40K
[    0.026627] smpboot: CPU0: Intel(R) Core(TM) i5-5575R CPU @ 2.80GHz (family: 0x6, model: 0x47, stepping: 0x1)
[    0.026627] Performance Events: unsupported p6 CPU model 71 no PMU driver, software events only.
[    0.026628] rcu: Hierarchical SRCU implementation.
[    0.026895] smp: Bringing up secondary CPUs ...
[    0.027272] smp: Brought up 1 node, 1 CPU
[    0.027630] smpboot: Max logical packages: 1
[    0.027998] smpboot: Total of 1 processors activated (5449.16 BogoMIPS)
[    0.028755] devtmpfs: initialized
[    0.029237] clocksource: jiffies: mask: 0xffffffff max_cycles: 0xffffffff, max_idle_ns: 1911260446275000 ns
[    0.029627] futex hash table entries: 256 (order: 2, 16384 bytes)
[    0.030046] RTC time:  8:11:46, date: 10/16/18
[    0.030469] NET: Registered protocol family 16
[    0.030669] kworker/u2:0 (17) used greatest stack depth: 14592 bytes left
[    0.031153] audit: initializing netlink subsys (disabled)
[    0.031757] cpuidle: using governor menu
[    0.032142] ACPI: bus type PCI registered
[    0.032862] PCI: Using configuration type 1 for base access
[    0.033654] audit: type=2000 audit(1539677506.042:1): state=initialized audit_enabled=0 res=1
[    0.034207] kworker/u2:1 (21) used greatest stack depth: 14144 bytes left
[    0.045398] HugeTLB registered 2.00 MiB page size, pre-allocated 0 pages
[    0.045759] ACPI: Added _OSI(Module Device)
[    0.046127] ACPI: Added _OSI(Processor Device)
[    0.046643] ACPI: Added _OSI(3.0 _SCP Extensions)
[    0.047022] ACPI: Added _OSI(Processor Aggregator Device)
[    0.047407] ACPI: Added _OSI(Linux-Dell-Video)
[    0.047698] ACPI: Added _OSI(Linux-Lenovo-NV-HDMI-Audio)
[    0.049124] ACPI: 2 ACPI AML tables successfully acquired and loaded
[    0.050627] ACPI: Interpreter enabled
[    0.050641] ACPI: (supports S0 S5)
[    0.050990] ACPI: Using IOAPIC for interrupt routing
[    0.051489] PCI: Using host bridge windows from ACPI; if necessary, use "pci=nocrs" and report a bug
[    0.051627] ACPI: Enabled 2 GPEs in block 00 to 07
[    0.055831] ACPI: PCI Root Bridge [PCI0] (domain 0000 [bus 00-ff])
[    0.056252] acpi PNP0A03:00: _OSC: OS supports [ASPM ClockPM Segments MSI]
[    0.057720] acpi PNP0A03:00: _OSC: not requesting OS control; OS requires [ExtendedConfig ASPM ClockPM MSI]
[    0.058321] acpi PNP0A03:00: fail to add MMCONFIG information, can't access extended PCI configuration space under this bridge.
[    0.058706] PCI host bridge to bus 0000:00
[    0.059082] pci_bus 0000:00: root bus resource [io  0x0000-0x0cf7 window]
[    0.059644] pci_bus 0000:00: root bus resource [io  0x0d00-0xffff window]
[    0.060077] pci_bus 0000:00: root bus resource [mem 0x000a0000-0x000bffff window]
[    0.060583] pci_bus 0000:00: root bus resource [mem 0xc0b00000-0xfdffffff window]
[    0.060636] pci_bus 0000:00: root bus resource [bus 00-ff]
[    0.061108] pci 0000:00:00.0: [8086:1237] type 00 class 0x060000
[    0.062396] pci 0000:00:01.0: [8086:7000] type 00 class 0x060100
[    0.063691] pci 0000:00:01.1: [8086:7111] type 00 class 0x01018a
[    0.064395] pci 0000:00:01.1: reg 0x20: [io  0xd000-0xd00f]
[    0.064732] pci 0000:00:01.1: legacy IDE quirk: reg 0x10: [io  0x01f0-0x01f7]
[    0.065177] pci 0000:00:01.1: legacy IDE quirk: reg 0x14: [io  0x03f6]
[    0.065598] pci 0000:00:01.1: legacy IDE quirk: reg 0x18: [io  0x0170-0x0177]
[    0.065630] pci 0000:00:01.1: legacy IDE quirk: reg 0x1c: [io  0x0376]
[    0.066830] pci 0000:00:02.0: [80ee:beef] type 00 class 0x030000
[    0.068653] pci 0000:00:02.0: reg 0x10: [mem 0xe0000000-0xe0ffffff pref]
[    0.076194] pci 0000:00:03.0: [8086:100e] type 00 class 0x020000
[    0.077271] pci 0000:00:03.0: reg 0x10: [mem 0xf0000000-0xf001ffff]
[    0.079372] pci 0000:00:03.0: reg 0x18: [io  0xd010-0xd017]
[    0.085687] pci 0000:00:04.0: [80ee:cafe] type 00 class 0x088000
[    0.086781] pci 0000:00:04.0: reg 0x10: [io  0xd020-0xd03f]
[    0.088018] pci 0000:00:04.0: reg 0x14: [mem 0xf0400000-0xf07fffff]
[    0.089205] pci 0000:00:04.0: reg 0x18: [mem 0xf0800000-0xf0803fff pref]
[    0.093913] pci 0000:00:05.0: [8086:2415] type 00 class 0x040100
[    0.094132] pci 0000:00:05.0: reg 0x10: [io  0xd100-0xd1ff]
[    0.094256] pci 0000:00:05.0: reg 0x14: [io  0xd200-0xd23f]
[    0.095232] pci 0000:00:06.0: [106b:003f] type 00 class 0x0c0310
[    0.096162] pci 0000:00:06.0: reg 0x10: [mem 0xf0804000-0xf0804fff]
[    0.104105] pci 0000:00:07.0: [8086:7113] type 00 class 0x068000
[    0.104860] pci 0000:00:07.0: quirk: [io  0x4000-0x403f] claimed by PIIX4 ACPI
[    0.105383] pci 0000:00:07.0: quirk: [io  0x4100-0x410f] claimed by PIIX4 SMB
[    0.107013] ACPI: PCI Interrupt Link [LNKA] (IRQs 5 9 10 *11)
[    0.107611] ACPI: PCI Interrupt Link [LNKB] (IRQs 5 9 *10 11)
[    0.107753] ACPI: PCI Interrupt Link [LNKC] (IRQs 5 *9 10 11)
[    0.108257] ACPI: PCI Interrupt Link [LNKD] (IRQs 5 9 10 *11)
[    0.108865] pci 0000:00:02.0: vgaarb: setting as boot VGA device
[    0.109283] pci 0000:00:02.0: vgaarb: VGA device added: decodes=io+mem,owns=io+mem,locks=none
[    0.109633] pci 0000:00:02.0: vgaarb: bridge control possible
[    0.110038] vgaarb: loaded
[    0.110752] SCSI subsystem initialized
[    0.111173] libata version 3.00 loaded.
[    0.111233] ACPI: bus type USB registered
[    0.111678] usbcore: registered new interface driver usbfs
[    0.112873] usbcore: registered new interface driver hub
[    0.113720] usbcore: registered new device driver usb
[    0.114155] pps_core: LinuxPPS API ver. 1 registered
[    0.114633] pps_core: Software ver. 5.3.6 - Copyright 2005-2007 Rodolfo Giometti <giometti@linux.it>
[    0.115201] PTP clock support registered
[    0.115732] EDAC MC: Ver: 3.0.0
[    0.116402] Advanced Linux Sound Architecture Driver Initialized.
[    0.116648] PCI: Using ACPI for IRQ routing
[    0.117022] PCI: pci_cache_line_size set to 64 bytes
[    0.117249] e820: reserve RAM buffer [mem 0x0009fc00-0x0009ffff]
[    0.117253] e820: reserve RAM buffer [mem 0xc0af0000-0xc3ffffff]
[    0.117363] NetLabel: Initializing
[    0.117632] NetLabel:  domain hash size = 128
[    0.118000] NetLabel:  protocols = UNLABELED CIPSOv4 CALIPSO
[    0.118414] NetLabel:  unlabeled traffic allowed by default
[    0.118687] clocksource: Switched to clocksource tsc-early
[    0.129893] VFS: Disk quotas dquot_6.6.0
[    0.130271] VFS: Dquot-cache hash table entries: 512 (order 0, 4096 bytes)
[    0.130719] pnp: PnP ACPI init
[    0.131134] pnp 00:00: Plug and Play ACPI device, IDs PNP0303 (active)
[    0.131208] pnp 00:01: Plug and Play ACPI device, IDs PNP0f03 (active)
[    0.131876] pnp: PnP ACPI: found 2 devices
[    0.138098] clocksource: acpi_pm: mask: 0xffffff max_cycles: 0xffffff, max_idle_ns: 2085701024 ns
[    0.139251] pci_bus 0000:00: resource 4 [io  0x0000-0x0cf7 window]
[    0.139252] pci_bus 0000:00: resource 5 [io  0x0d00-0xffff window]
[    0.139253] pci_bus 0000:00: resource 6 [mem 0x000a0000-0x000bffff window]
[    0.139253] pci_bus 0000:00: resource 7 [mem 0xc0b00000-0xfdffffff window]
[    0.139305] NET: Registered protocol family 2
[    0.139924] tcp_listen_portaddr_hash hash table entries: 2048 (order: 3, 32768 bytes)
[    0.140724] TCP established hash table entries: 32768 (order: 6, 262144 bytes)
[    0.141226] TCP bind hash table entries: 32768 (order: 7, 524288 bytes)
[    0.141714] TCP: Hash tables configured (established 32768 bind 32768)
[    0.142981] UDP hash table entries: 2048 (order: 4, 65536 bytes)
[    0.143465] UDP-Lite hash table entries: 2048 (order: 4, 65536 bytes)
[    0.143955] NET: Registered protocol family 1
[    0.144406] RPC: Registered named UNIX socket transport module.
[    0.144820] RPC: Registered udp transport module.
[    0.145186] RPC: Registered tcp transport module.
[    0.145583] RPC: Registered tcp NFSv4.1 backchannel transport module.
[    0.146103] pci 0000:00:00.0: Limiting direct PCI/PCI transfers
[    0.146535] pci 0000:00:01.0: Activating ISA DMA hang workarounds
[    0.147009] pci 0000:00:02.0: Video device with shadowed ROM at [mem 0x000c0000-0x000dffff]
[    0.148193] PCI: CLS 0 bytes, default 64
[    0.148251] RAPL PMU: API unit is 2^-32 Joules, 4 fixed counters, 10737418240 ms ovfl timer
[    0.148780] RAPL PMU: hw unit of domain pp0-core 2^-0 Joules
[    0.149176] RAPL PMU: hw unit of domain package 2^-0 Joules
[    0.149580] RAPL PMU: hw unit of domain dram 2^-0 Joules
[    0.149972] RAPL PMU: hw unit of domain pp1-gpu 2^-0 Joules
[    0.150362] platform rtc_cmos: registered platform RTC device (no PNP device found)
[    0.150981] Scanning for low memory corruption every 60 seconds
[    0.151776] Initialise system trusted keyrings
[    0.152328] workingset: timestamp_bits=56 max_order=20 bucket_order=0
[    0.157358] NFS: Registering the id_resolver key type
[    0.157802] Key type id_resolver registered
[    0.158160] Key type id_legacy registered
[    0.159103] Key type asymmetric registered
[    0.159496] Asymmetric key parser 'x509' registered
[    0.159889] Block layer SCSI generic (bsg) driver version 0.4 loaded (major 251)
[    0.160444] io scheduler noop registered
[    0.161029] io scheduler deadline registered
[    0.161500] io scheduler cfq registered (default)
[    0.161897] io scheduler mq-deadline registered
[    0.162287] io scheduler kyber registered
[    0.162964] ACPI: AC Adapter [AC] (on-line)
[    0.163474] input: Power Button as /devices/LNXSYSTM:00/LNXPWRBN:00/input/input0
[    0.164025] ACPI: Power Button [PWRF]
[    0.164482] input: Sleep Button as /devices/LNXSYSTM:00/LNXSLPBN:00/input/input1
[    0.165089] ACPI: Sleep Button [SLPF]
[    0.165555] ACPI: Video Device [GFX0] (multi-head: yes  rom: no  post: no)
[    0.166070] input: Video Bus as /devices/LNXSYSTM:00/LNXSYBUS:00/PNP0A03:00/LNXVIDEO:00/input/input2
[    0.166800] Serial: 8250/16550 driver, 4 ports, IRQ sharing enabled
[    0.167311] Non-volatile memory driver v1.3
[    0.167731] Linux agpgart interface v0.103
[    0.169153] loop: module loaded
[    0.169614] ata_piix 0000:00:01.1: version 2.13
[    0.170296] scsi host0: ata_piix
[    0.170717] scsi host1: ata_piix
[    0.171195] ata1: PATA max UDMA/33 cmd 0x1f0 ctl 0x3f6 bmdma 0xd000 irq 14
[    0.171634] ata2: PATA max UDMA/33 cmd 0x170 ctl 0x376 bmdma 0xd008 irq 15
[    0.173483] e100: Intel(R) PRO/100 Network Driver, 3.5.24-k2-NAPI
[    0.173924] e100: Copyright(c) 1999-2006 Intel Corporation
[    0.174608] e1000: Intel(R) PRO/1000 Network Driver - version 7.3.21-k8-NAPI
[    0.174957] e1000: Copyright (c) 1999-2006 Intel Corporation.
[    0.335037] ata1.01: NODEV after polling detection
[    0.335197] ata1.00: ATA-6: VBOX HARDDISK, 1.0, max UDMA/133
[    0.335606] ata1.00: 62914560 sectors, multi 128: LBA 
[    0.336108] ata2.00: ATAPI: VBOX CD-ROM, 1.0, max UDMA/133
[    0.336893] scsi 0:0:0:0: Direct-Access     ATA      VBOX HARDDISK    1.0  PQ: 0 ANSI: 5
[    0.337429] sd 0:0:0:0: [sda] 62914560 512-byte logical blocks: (32.2 GB/30.0 GiB)
[    0.337944] sd 0:0:0:0: [sda] Write Protect is off
[    0.338322] sd 0:0:0:0: [sda] Mode Sense: 00 3a 00 00
[    0.338328] sd 0:0:0:0: [sda] Write cache: enabled, read cache: enabled, doesn't support DPO or FUA
[    0.338928] sd 0:0:0:0: Attached scsi generic sg0 type 0
[    0.340033] scsi 1:0:0:0: CD-ROM            VBOX     CD-ROM           1.0  PQ: 0 ANSI: 5
[    0.366920] sr 1:0:0:0: [sr0] scsi3-mmc drive: 32x/32x xa/form2 tray
[    0.367351] cdrom: Uniform CD-ROM driver Revision: 3.20
[    0.367808] sr 1:0:0:0: Attached scsi CD-ROM sr0
[    0.367969] sr 1:0:0:0: Attached scsi generic sg1 type 5
[    0.433407]  sda: sda1 sda2 sda3 sda4
[    0.433960] sd 0:0:0:0: [sda] Attached SCSI disk
[    0.569128] e1000 0000:00:03.0 eth0: (PCI:33MHz:32-bit) 08:00:27:60:99:e1
[    0.569128] e1000 0000:00:03.0 eth0: Intel(R) PRO/1000 Network Connection
[    0.569581] e1000e: Intel(R) PRO/1000 Network Driver - 3.2.6-k
[    0.569956] e1000e: Copyright(c) 1999 - 2015 Intel Corporation.
[    0.570424] sky2: driver version 1.30
[    0.571787] ehci_hcd: USB 2.0 'Enhanced' Host Controller (EHCI) Driver
[    0.572223] ehci-pci: EHCI PCI platform driver
[    0.572615] ohci_hcd: USB 1.1 'Open' Host Controller (OHCI) Driver
[    0.573141] ohci-pci: OHCI PCI platform driver
[    0.573907] ohci-pci 0000:00:06.0: OHCI PCI host controller
[    0.574347] ohci-pci 0000:00:06.0: new USB bus registered, assigned bus number 1
[    0.574846] ohci-pci 0000:00:06.0: irq 22, io mem 0xf0804000
[    0.628543] usb usb1: New USB device found, idVendor=1d6b, idProduct=0001, bcdDevice= 4.19
[    0.629090] usb usb1: New USB device strings: Mfr=3, Product=2, SerialNumber=1
[    0.629597] usb usb1: Product: OHCI PCI host controller
[    0.629985] usb usb1: Manufacturer: Linux 4.19.0-rc8-thor_kernel+ ohci_hcd
[    0.630420] usb usb1: SerialNumber: 0000:00:06.0
[    0.630911] hub 1-0:1.0: USB hub found
[    0.631186] hub 1-0:1.0: 12 ports detected
[    0.631965] uhci_hcd: USB Universal Host Controller Interface driver
[    0.632468] usbcore: registered new interface driver usblp
[    0.632900] usbcore: registered new interface driver usb-storage
[    0.633528] i8042: PNP: PS/2 Controller [PNP0303:PS2K,PNP0f03:PS2M] at 0x60,0x64 irq 1,12
[    0.634522] serio: i8042 KBD port at 0x60,0x64 irq 1
[    0.635080] serio: i8042 AUX port at 0x60,0x64 irq 12
[    0.635960] input: AT Translated Set 2 keyboard as /devices/platform/i8042/serio0/input/input3
[    0.638366] rtc_cmos rtc_cmos: registered as rtc0
[    0.638778] rtc_cmos rtc_cmos: alarms up to one day, 114 bytes nvram
[    0.639277] device-mapper: ioctl: 4.39.0-ioctl (2018-04-03) initialised: dm-devel@redhat.com
[    0.639829] hidraw: raw HID events driver (C) Jiri Kosina
[    0.640635] usbcore: registered new interface driver usbhid
[    0.640676] usbhid: USB HID core driver
[    0.641359] Initializing XFRM netlink socket
[    0.643507] NET: Registered protocol family 10
[    0.644250] Segment Routing with IPv6
[    0.644565] sit: IPv6, IPv4 and MPLS over IPv4 tunneling driver
[    0.645101] NET: Registered protocol family 17
[    0.645533] Key type dns_resolver registered
[    0.645997] sched_clock: Marking stable (655864724, -10372289)->(756620935, -111128500)
[    0.646669] registered taskstats version 1
[    0.647199] Loading compiled-in X.509 certificates
[    0.647765]   Magic number: 6:689:169
[    0.648154] console [netcon0] enabled
[    0.648512] netconsole: network logging started
[    0.648927] cfg80211: Loading compiled-in X.509 certificates for regulatory database
[    0.649672] cfg80211: Loaded X.509 cert 'sforshee: 00b28ddf47aef9cea7'
[    0.649932] ALSA device list:
[    0.650289]   No soundcards found.
[    0.650671] platform regulatory.0: Direct firmware load for regulatory.db failed with error -2
[    0.651237] cfg80211: failed to load regulatory.db
[    0.847815] random: fast init done
[    0.848814] input: ImExPS/2 Generic Explorer Mouse as /devices/platform/i8042/serio1/input/input5
[    0.849657] md: Waiting for all devices to be available before autodetect
[    0.850161] md: If you don't use raid, use raid=noautodetect
[    0.850705] md: Autodetecting RAID arrays.
[    0.851070] md: autorun ...
[    0.851396] md: ... autorun DONE.
[    0.883892] EXT4-fs (sda2): mounted filesystem with ordered data mode. Opts: (null)
[    0.884439] VFS: Mounted root (ext4 filesystem) readonly on device 8:2.
[    0.900047] devtmpfs: mounted
[    0.900903] Freeing unused kernel image memory: 1240K
[    0.903498] Write protecting the kernel read-only data: 18432k
[    0.904280] Freeing unused kernel image memory: 2004K
[    0.904852] Freeing unused kernel image memory: 1072K
[    0.905217] Run /sbin/init as init process
[    1.030071] usb 1-1: new full-speed USB device number 2 using ohci-pci
[    1.173718] clocksource: tsc: mask: 0xffffffffffffffff max_cycles: 0x2745f35f522, max_idle_ns: 440795278934 ns
[    1.175951] clocksource: Switched to clocksource tsc
[    1.294622] usb 1-1: New USB device found, idVendor=80ee, idProduct=0021, bcdDevice= 1.00
[    1.295163] usb 1-1: New USB device strings: Mfr=1, Product=3, SerialNumber=0
[    1.295639] usb 1-1: Product: USB Tablet
[    1.296130] usb 1-1: Manufacturer: VirtualBox
[    1.307594] input: VirtualBox USB Tablet as /devices/pci0000:00/0000:00:06.0/usb1/1-1/1-1:1.0/0003:80EE:0021.0001/input/input6
[    1.308307] hid-generic 0003:80EE:0021.0001: input,hidraw0: USB HID v1.10 Mouse [VirtualBox USB Tablet] on usb-0000:00:06.0-1/input0
[    1.309042] stty (1016) used greatest stack depth: 13808 bytes left
[    1.585262] random: crng init done
[    1.604502] sed (1039) used greatest stack depth: 13592 bytes left
[    1.803886] ip (1083) used greatest stack depth: 13472 bytes left
[    1.804883] ip (1084) used greatest stack depth: 12384 bytes left
[    1.918548] udevd[1114]: starting version 3.2.2
[    2.234345] udevd[1115]: starting eudev-3.2.2
[    2.592870] e1000 0000:00:03.0 enp0s3: renamed from eth0
[    3.995250] Adding 5292028k swap on /dev/sda4.  Priority:1 extents:1 across:5292028k 
[    4.009684] EXT4-fs (sda2): re-mounted. Opts: (null)
[    4.161111] EXT4-fs (sda2): re-mounted. Opts: (null)
[    4.344926] EXT4-fs (sda3): mounted filesystem with ordered data mode. Opts: (null)
[    5.564667] IPv6: ADDRCONF(NETDEV_UP): enp0s3: link is not ready
[    5.565172] ip (2132) used greatest stack depth: 12336 bytes left
[    5.566483] e1000: enp0s3 NIC Link is Up 1000 Mbps Full Duplex, Flow Control: RX
[    5.567839] IPv6: ADDRCONF(NETDEV_CHANGE): enp0s3: link becomes ready
[ 1064.957876] hrtimer: interrupt took 4474842 ns
